// Jest Snapshot v1, https://goo.gl/fbAQLP

exports[`Main should be able to render an heading 1`] = `
<main>
  <h1>
    main
  </h1>
</main>
`;
